// Jest Snapshot v1, https://goo.gl/fbAQLP

exports[`YoutubeEmbed has to match the snapshot 1`] = `
<div
  className="video-responsive"
  data-testid="youtube-embed"
>
  <iframe
    allow="accelerometer; autoplay; clipboard-write; encrypted-media; gyroscope; picture-in-picture"
    allowFullScreen={true}
    frameBorder="0"
    height="300"
    src="https://www.youtube.com/embed/abcd"
    title="Embedded youtube"
    width="100%"
  />
</div>
`;
