// Jest Snapshot v1, https://goo.gl/fbAQLP

exports[`ReviewItem has to match the snapshot 1`] = `
<ForwardRef(Box)
  data-testid="review-item"
>
  <Memo
    sx={
      Object {
        "fontSize": 44,
        "left": -5,
        "position": "relative",
        "top": 8,
      }
    }
  />
  <ForwardRef(Box)
    sx={
      Object {
        "display": "inline-block",
      }
    }
  >
    <ForwardRef(Typography)
      sx={
        Object {
          "fontSize": 14,
        }
      }
    >
      <b>
        Tom
      </b>
    </ForwardRef(Typography)>
    <ForwardRef(Box)
      sx={
        Object {
          "color": "#666666",
          "fontSize": "11px",
        }
      }
    >
      November 2022
    </ForwardRef(Box)>
  </ForwardRef(Box)>
  <ForwardRef(Rating)
    name="read-only"
    precision={0.5}
    readOnly={true}
    sx={
      Object {
        "float": "right",
        "right": "20px",
        "top": "20px",
      }
    }
  />
  <ForwardRef(Typography)
    sx={
      Object {
        "fontSize": 14,
        "lineHeight": 1.3,
        "paddingRight": 2,
        "paddingTop": 2,
      }
    }
  >
    This is a good comment
  </ForwardRef(Typography)>
</ForwardRef(Box)>
`;
